Load Map - Sun May 17 18:20:49 PDT 2015

Main class:       MyBot
Classes:          66
Interfaces:       6
Methods:          165
Constants:        96
Instance fields:  98
Static fields:    27
Static data size: 125
Code size:        8361
Start address:    8000
End address:      a0a8

80fd 8121 java.lang.Object.toString()
8125 8126 java.lang.Object.<init>()
812b 813e java.lang.Object.getClass()
8148 815c java.lang.Object.clone()
824e 825f java.lang.Thread.run()
8264 826a java.lang.Thread.setName(java.lang.String)
826e 8299 java.lang.Thread.sleep(long)
829d 82a2 java.lang.Thread.<clinit>()
82b1 82e1 java.lang.Thread.toString()
82e5 82eb java.lang.Thread.<init>()
82f0 8309 java.lang.Thread.setPriority(int)
8319 831e java.lang.Thread.getName()
8328 8340 java.lang.Thread.<init>(java.lang.Runnable)
8349 8368 java.lang.Thread.<init>(java.lang.Runnable, java.lang.String)
83c1 8400 com.ridgesoft.intellibrain.StartupThread.run()
843f 8463 ScreenManager.<init>(com.ridgesoft.io.Display, Screen[], com.ridgesoft.robotics.AnalogInput, int, int)
8477 84bd ScreenManager.run()
8509 8513 java.lang.String.createString(byte[])
8517 8526 java.lang.String.<init>(byte[], int)
852b 8536 java.lang.String.getBytes()
853b 853d java.lang.String.toString()
8541 8546 java.lang.String.valueOf(java.lang.Object)
854a 855b java.lang.String.<init>()
855f 8574 java.lang.String.<init>(byte[])
8579 857f java.lang.String.length()
8584 85a6 java.lang.String.getBytes(int, int, byte[], int)
85aa 85da java.lang.String.<init>(char[], int, int)
85de 8608 java.lang.String.<init>(byte[], int, int)
869c 879a java.lang.Throwable.vmThrow(int)
87a6 87cb java.lang.Throwable.<init>()
87d8 887d java.lang.Throwable.printStackTrace()
8881 88a8 java.lang.Throwable.<clinit>()
88b1 88b9 java.lang.Throwable.init()
88c5 8907 java.lang.Throwable.<init>(java.lang.String)
89ad 89b7 java.lang.InternalError.<init>()
89bb 89c6 java.lang.InternalError.<init>(java.lang.String)
89f5 89ff java.lang.OutOfMemoryError.<init>()
8a03 8a0e java.lang.OutOfMemoryError.<init>(java.lang.String)
8a3f 8a49 java.lang.StackOverflowError.<init>()
8a4d 8a58 java.lang.StackOverflowError.<init>(java.lang.String)
8e69 8f47 MyBot.main(java.lang.String[])
8f7b 8f91 java.io.OutputStream.write(byte[])
8f9b 8f9c java.io.OutputStream.flush()
8fa1 8fbf java.io.OutputStream.write(byte[], int, int)
8ffa 9004 java.io.FilterOutputStream.<init>(java.io.OutputStream)
9009 9012 java.io.FilterOutputStream.write(byte[])
9017 9020 java.io.FilterOutputStream.write(int)
9025 902d java.io.FilterOutputStream.flush()
9032 903d java.io.FilterOutputStream.write(byte[], int, int)
9070 907b java.io.PrintStream.<init>(java.io.OutputStream)
9080 908a java.io.PrintStream.println(java.lang.String)
9097 90ae java.io.PrintStream.print(java.lang.String)
90bb 90d5 java.io.PrintStream.println()
910f 911e com.ridgesoft.io.OutputStreamTee.<init>(java.io.OutputStream, java.io.OutputStream)
9132 914b com.ridgesoft.io.OutputStreamTee.write(byte[])
915f 9178 com.ridgesoft.io.OutputStreamTee.write(int)
918c 91a3 com.ridgesoft.io.OutputStreamTee.flush()
91b7 91d4 com.ridgesoft.io.OutputStreamTee.write(byte[], int, int)
9223 9286 com.ridgesoft.io.DisplayOutputStream.<init>(com.ridgesoft.io.Display)
928a 9297 com.ridgesoft.io.DisplayOutputStream.<clinit>()
929c 92a5 com.ridgesoft.io.DisplayOutputStream.write(byte[])
92aa 92f7 com.ridgesoft.io.DisplayOutputStream.write(int)
92fc 9328 com.ridgesoft.io.DisplayOutputStream.flush()
932d 9339 com.ridgesoft.io.DisplayOutputStream.write(byte[], int, int)
933d 93bb com.ridgesoft.io.DisplayOutputStream.scroll()
9404 9409 com.ridgesoft.vm.DebugOutputStream.<clinit>()
940e 9417 com.ridgesoft.vm.DebugOutputStream.write(byte[])
941c 9465 com.ridgesoft.vm.DebugOutputStream.write(int)
9472 9493 com.ridgesoft.vm.DebugOutputStream.flush()
9498 94a4 com.ridgesoft.vm.DebugOutputStream.write(byte[], int, int)
94c7 94cb com.ridgesoft.vm.VM.getDebugOutputStream()
94d9 94e8 com.ridgesoft.vm.VM.<clinit>()
94fb 950a com.ridgesoft.vm.VM.isSet(int, int)
9559 9570 com.ridgesoft.intellibrain.IntelliBrain.getOutputStream()
9574 9588 com.ridgesoft.intellibrain.IntelliBrain.getLcdDisplay()
958c 95a6 com.ridgesoft.intellibrain.IntelliBrain.getStartButton()
95aa 95c4 com.ridgesoft.intellibrain.IntelliBrain.getStopButton()
95cd 95e6 com.ridgesoft.intellibrain.IntelliBrain.getThumbWheel()
95ea 96a5 com.ridgesoft.intellibrain.IntelliBrain.getPinPortData(byte)
96a9 96b0 com.ridgesoft.intellibrain.IntelliBrain.<clinit>()
96b4 96c8 com.ridgesoft.intellibrain.IntelliBrain.getBuzzer()
96cc 970f com.ridgesoft.intellibrain.IntelliBrain.getServo(int)
971b 97c1 com.ridgesoft.intellibrain.IntelliBrain.initialize()
97f2 97f7 java.lang.System.setOut(java.io.PrintStream)
97fb 9800 java.lang.System.setErr(java.io.PrintStream)
9886 988f DoBeep.run()
9894 9897 DoBeep.toString()
98d7 98d8 DoNothing.run()
98dd 98e0 DoNothing.toString()
9932 996c Move.run()
9971 9974 Move.toString()
99bf 99c9 com.ridgesoft.io.Display.print(int, java.lang.String)
99ce 9a02 com.ridgesoft.io.Display.print(int, byte[])
9a07 9a0c com.ridgesoft.io.Display.getWidth()
9a11 9a16 com.ridgesoft.io.Display.getHeight()
9a1a 9a2b com.ridgesoft.io.Display.<init>(int, int)
9a65 9a6d com.ridgesoft.intellibrain.IntelliBrainDisplay.<init>()
9a72 9a79 com.ridgesoft.intellibrain.IntelliBrainDisplay.printChar(int, int, byte)
9aeb 9afa StaticTextScreen.<init>(java.lang.String, java.lang.String)
9aff 9b12 StaticTextScreen.update(com.ridgesoft.io.Display)
9b38 9b3d java.lang.Class.getName()
9b41 9b4b java.lang.Class.<init>(java.lang.String)
9b9d 9bb8 java.lang.StringBuilder.<init>(java.lang.String)
9bbd 9be6 java.lang.StringBuilder.append(java.lang.String)
9beb 9bfc java.lang.StringBuilder.toString()
9c01 9c3a java.lang.StringBuilder.ensureCapacity(int)
9c3f 9c9a java.lang.StringBuilder.append(int)
9c9f 9ccc java.lang.StringBuilder.append(char[], int, int)
9cd0 9ce2 java.lang.StringBuilder.<init>()
9d09 9d4d java.lang.Integer.toHexString(int)
9d52 9d5a java.lang.Integer.toString()
9d5e 9d6d java.lang.Integer.toString(int)
9d9f 9dae com.ridgesoft.intellibrain.IntelliBrainPinPort.<init>(com.ridgesoft.intellibrain.IntelliBrainPinPortData)
9dfd 9e08 com.ridgesoft.intellibrain.IntelliBrainButtonLed.<init>(com.ridgesoft.intellibrain.IntelliBrainPinPortData, byte)
9e15 9e27 com.ridgesoft.intellibrain.IntelliBrainButtonLed.waitReleased()
9e2c 9e34 com.ridgesoft.intellibrain.IntelliBrainButtonLed.isPressed()
9e84 9e8c com.ridgesoft.intellibrain.IntelliBrainAnalogInput.toString()
9e90 9e97 com.ridgesoft.intellibrain.IntelliBrainAnalogInput.<clinit>()
9e9c 9ea0 com.ridgesoft.intellibrain.IntelliBrainAnalogInput.getMaximum()
9ea5 9eb0 com.ridgesoft.intellibrain.IntelliBrainAnalogInput.sample()
9eb4 9ebd com.ridgesoft.intellibrain.IntelliBrainAnalogInput.enableAToD()
9ec1 9ee5 com.ridgesoft.intellibrain.IntelliBrainAnalogInput.sample(byte)
9f55 9f75 com.ridgesoft.intellibrain.IntelliBrainPinPortData.<init>(byte, short, short, short, byte)
9f9e 9fa8 com.ridgesoft.io.Speaker.beep()
9fe6 9ff8 com.ridgesoft.intellibrain.IntelliBrainBuzzer.play(int, int)
a04e a059 com.ridgesoft.intellibrain.IntelliBrainServo.<init>(int)
a05e a067 com.ridgesoft.intellibrain.IntelliBrainServo.setPosition(int)
a06c a075 com.ridgesoft.intellibrain.IntelliBrainServo.off()
